============================================================
ECE379K LAB1 FRONTERA RUN
Chosen/provisional N = 4096
Fixed T = 32
Started: Sun Oct  4 22:54:19 CDT 2026
============================================================
[machine] Saving lscpu
[machine] Checking perf

========== PART 5: FIVE-LOCK SWEEP ==========
# ./bench sharded:mutex shards=4096 mix=80/10/10 writers=0
# cores=56 hwthreads=56 sockets=2 cores/socket=28 pin order: 0 1 2 3 4 5 6 7 8 9 10 11 12 13 14 15 16 17 18 19 20 21 22 23 24 25 26 27 28 29 30 31 32 33 34 35 36 37 38 39 40 41 42 43 44 45 46 47 48 49 50 51 52 53 54 55
T=1         3.9 Mops/s  (4.0 3.9 3.9)
T=2         5.2 Mops/s  (5.2 5.2 5.4)
T=4         9.7 Mops/s  (10.2 9.6 9.7)
T=8        19.3 Mops/s  (19.3 18.2 19.6)
T=16       37.1 Mops/s  (37.1 36.3 37.7)
T=28       58.8 Mops/s  (57.0 58.8 59.9)  <- first socket full
T=40       76.1 Mops/s  (76.1 75.7 79.6)
T=56      109.6 Mops/s  (109.6 107.7 112.4)  <- every core busy
T=84      118.9 Mops/s  (118.9 118.3 119.0)  <- oversubscribed
T=112     118.3 Mops/s  (118.2 118.7 118.3)  <- oversubscribed
wrote sharded_mutex.csv
# ./bench sharded:tas shards=4096 mix=80/10/10 writers=0
# cores=56 hwthreads=56 sockets=2 cores/socket=28 pin order: 0 1 2 3 4 5 6 7 8 9 10 11 12 13 14 15 16 17 18 19 20 21 22 23 24 25 26 27 28 29 30 31 32 33 34 35 36 37 38 39 40 41 42 43 44 45 46 47 48 49 50 51 52 53 54 55
T=1         4.3 Mops/s  (4.3 4.3 4.3)
T=2         5.6 Mops/s  (5.6 5.6 5.8)
T=4        11.2 Mops/s  (11.0 11.2 11.3)
T=8        22.2 Mops/s  (22.2 22.3 21.9)
T=16       43.3 Mops/s  (43.3 43.5 42.7)
T=28       74.2 Mops/s  (74.2 72.9 74.8)  <- first socket full
T=40      103.2 Mops/s  (102.6 103.2 103.2)
T=56      133.4 Mops/s  (133.4 124.9 135.1)  <- every core busy
T=84       10.2 Mops/s  (10.2 14.7 9.4)  <- oversubscribed
T=112      31.7 Mops/s  (33.6 31.7 28.7)  <- oversubscribed
wrote sharded_tas.csv
# ./bench sharded:ttas shards=4096 mix=80/10/10 writers=0
# cores=56 hwthreads=56 sockets=2 cores/socket=28 pin order: 0 1 2 3 4 5 6 7 8 9 10 11 12 13 14 15 16 17 18 19 20 21 22 23 24 25 26 27 28 29 30 31 32 33 34 35 36 37 38 39 40 41 42 43 44 45 46 47 48 49 50 51 52 53 54 55
T=1         4.4 Mops/s  (4.3 4.4 4.4)
T=2         5.8 Mops/s  (2.4 5.8 6.0)
T=4        11.7 Mops/s  (11.7 11.7 11.7)
T=8        23.0 Mops/s  (23.1 23.0 19.5)
T=16       45.3 Mops/s  (45.6 45.0 45.3)
T=28       75.4 Mops/s  (70.6 75.4 75.8)  <- first socket full
T=40      106.6 Mops/s  (103.6 106.6 107.5)
T=56      140.7 Mops/s  (137.5 140.7 141.3)  <- every core busy
T=84       11.3 Mops/s  (11.3 8.9 11.3)  <- oversubscribed
T=112      33.4 Mops/s  (34.1 33.4 32.0)  <- oversubscribed
wrote sharded_ttas.csv
# ./bench sharded:ticket shards=4096 mix=80/10/10 writers=0
# cores=56 hwthreads=56 sockets=2 cores/socket=28 pin order: 0 1 2 3 4 5 6 7 8 9 10 11 12 13 14 15 16 17 18 19 20 21 22 23 24 25 26 27 28 29 30 31 32 33 34 35 36 37 38 39 40 41 42 43 44 45 46 47 48 49 50 51 52 53 54 55
T=1         4.4 Mops/s  (4.4 4.4 4.4)
T=2         5.9 Mops/s  (5.9 5.7 6.0)
T=4        11.6 Mops/s  (11.6 11.6 10.4)
T=8        22.9 Mops/s  (22.9 22.9 22.9)
T=16       44.7 Mops/s  (45.3 44.7 40.9)
T=28       75.1 Mops/s  (74.8 76.8 75.1)  <- first socket full
T=40      106.2 Mops/s  (106.5 106.2 105.8)
T=56      142.8 Mops/s  (139.9 143.1 142.8)  <- every core busy
T=84      108.8 Mops/s  (108.8 108.4 109.8)  <- oversubscribed
T=112     101.8 Mops/s  (101.8 95.7 103.5)  <- oversubscribed
wrote sharded_ticket.csv
# ./bench sharded:park shards=4096 mix=80/10/10 writers=0
# cores=56 hwthreads=56 sockets=2 cores/socket=28 pin order: 0 1 2 3 4 5 6 7 8 9 10 11 12 13 14 15 16 17 18 19 20 21 22 23 24 25 26 27 28 29 30 31 32 33 34 35 36 37 38 39 40 41 42 43 44 45 46 47 48 49 50 51 52 53 54 55
T=1         4.4 Mops/s  (4.4 4.4 4.4)
T=2         5.9 Mops/s  (5.9 5.7 6.0)
T=4        11.3 Mops/s  (11.6 11.3 11.2)
T=8        22.9 Mops/s  (22.8 22.9 22.9)
T=16       45.3 Mops/s  (45.3 45.3 45.2)
T=28       77.4 Mops/s  (76.6 77.4 77.4)  <- first socket full
T=40      106.6 Mops/s  (106.6 105.9 107.5)
T=56      145.2 Mops/s  (145.2 145.0 145.6)  <- every core busy
T=84      131.8 Mops/s  (131.1 131.8 131.9)  <- oversubscribed
T=112     128.5 Mops/s  (128.6 127.8 128.5)  <- oversubscribed
wrote sharded_park.csv

========== PART 5: ONE-SHARD PERF, T=8 ==========
--- mutex ---
--- tas ---
--- ttas ---
--- ticket ---
--- park ---

========== PART 5: OVERSUBSCRIPTION, 32 ON 8 ==========
--- mutex ---
--- tas ---
--- ttas ---
--- ticket ---
--- park ---

========== PART 5: SHARD-COUNT SWEEP TTAS/PARK ==========
=== ttas, T=1 ===
warm-up 128 ms
sharded:ttas   T=1   shards=16   mix=80/10/10      5341184 ops    2000 ms      2.7 Mops/s
warm-up 125 ms
sharded:ttas   T=1   shards=64   mix=80/10/10      6120448 ops    2000 ms      3.1 Mops/s
warm-up 110 ms
sharded:ttas   T=1   shards=256  mix=80/10/10      6699008 ops    2000 ms      3.3 Mops/s
warm-up 99 ms
sharded:ttas   T=1   shards=1024 mix=80/10/10      7073792 ops    2000 ms      3.5 Mops/s
warm-up 88 ms
sharded:ttas   T=1   shards=4096 mix=80/10/10      8427520 ops    2000 ms      4.2 Mops/s
=== ttas, T=32 ===
warm-up 131 ms
sharded:ttas   T=32  shards=16   mix=80/10/10     19435520 ops    2002 ms      9.7 Mops/s
warm-up 121 ms
sharded:ttas   T=32  shards=64   mix=80/10/10     69917696 ops    2002 ms     34.9 Mops/s
warm-up 112 ms
sharded:ttas   T=32  shards=256  mix=80/10/10    110258176 ops    2002 ms     55.1 Mops/s
warm-up 103 ms
sharded:ttas   T=32  shards=1024 mix=80/10/10    139785216 ops    2001 ms     69.8 Mops/s
warm-up 85 ms
sharded:ttas   T=32  shards=4096 mix=80/10/10    176292864 ops    2001 ms     88.1 Mops/s
=== park, T=1 ===
warm-up 128 ms
sharded:park   T=1   shards=16   mix=80/10/10      5283840 ops    2000 ms      2.6 Mops/s
warm-up 124 ms
sharded:park   T=1   shards=64   mix=80/10/10      5692416 ops    2000 ms      2.8 Mops/s
warm-up 114 ms
sharded:park   T=1   shards=256  mix=80/10/10      6289408 ops    2000 ms      3.1 Mops/s
warm-up 102 ms
sharded:park   T=1   shards=1024 mix=80/10/10      7245824 ops    2000 ms      3.6 Mops/s
warm-up 88 ms
sharded:park   T=1   shards=4096 mix=80/10/10      8995840 ops    2000 ms      4.5 Mops/s
=== park, T=32 ===
warm-up 126 ms
sharded:park   T=32  shards=16   mix=80/10/10     12931072 ops    2004 ms      6.5 Mops/s
warm-up 124 ms
sharded:park   T=32  shards=64   mix=80/10/10     56895488 ops    2002 ms     28.4 Mops/s
warm-up 113 ms
sharded:park   T=32  shards=256  mix=80/10/10    110171136 ops    2002 ms     55.0 Mops/s
warm-up 103 ms
sharded:park   T=32  shards=1024 mix=80/10/10    145741824 ops    2001 ms     72.8 Mops/s
warm-up 85 ms
sharded:park   T=32  shards=4096 mix=80/10/10    175939584 ops    2003 ms     87.9 Mops/s

========== PART 6: MIX x LOCK x SHARD COUNT ==========
Running sharded:ttas MIX=80/10/10 SHARDS=1
Running sharded:rw MIX=80/10/10 SHARDS=1
Running sharded:rwp MIX=80/10/10 SHARDS=1
Running sharded:shared_mutex MIX=80/10/10 SHARDS=1
Running sharded:ttas MIX=80/10/10 SHARDS=4096
Running sharded:rw MIX=80/10/10 SHARDS=4096
Running sharded:rwp MIX=80/10/10 SHARDS=4096
Running sharded:shared_mutex MIX=80/10/10 SHARDS=4096
Running sharded:ttas MIX=50/25/25 SHARDS=1
Running sharded:rw MIX=50/25/25 SHARDS=1
Running sharded:rwp MIX=50/25/25 SHARDS=1
Running sharded:shared_mutex MIX=50/25/25 SHARDS=1
Running sharded:ttas MIX=50/25/25 SHARDS=4096
Running sharded:rw MIX=50/25/25 SHARDS=4096
Running sharded:rwp MIX=50/25/25 SHARDS=4096
Running sharded:shared_mutex MIX=50/25/25 SHARDS=4096
Running sharded:ttas MIX=100/0/0 SHARDS=1
Running sharded:rw MIX=100/0/0 SHARDS=1
Running sharded:rwp MIX=100/0/0 SHARDS=1
Running sharded:shared_mutex MIX=100/0/0 SHARDS=1
Running sharded:ttas MIX=100/0/0 SHARDS=4096
Running sharded:rw MIX=100/0/0 SHARDS=4096
Running sharded:rwp MIX=100/0/0 SHARDS=4096
Running sharded:shared_mutex MIX=100/0/0 SHARDS=4096

========== PART 6: WRITER-ROLE COMPARISON ==========

========== PART 7: HASH vs TREE / BUCKET COUNTS ==========
BUCKETS=2097152
BUCKETS=524288
BUCKETS=131072
BUCKETS=32768
BUCKETS=8192
BUCKETS=2048

========== PART 7: STRIPE COUNT ==========
warm-up 32 ms
hashed:ttas    T=32  shards=16   mix=80/10/10     10431488 ops    2002 ms      5.2 Mops/s
warm-up 31 ms
hashed:ttas    T=32  shards=64   mix=80/10/10     25892864 ops    2002 ms     12.9 Mops/s
warm-up 31 ms
hashed:ttas    T=32  shards=256  mix=80/10/10     37500928 ops    2002 ms     18.7 Mops/s
warm-up 32 ms
hashed:ttas    T=32  shards=1024 mix=80/10/10     69719040 ops    2012 ms     34.6 Mops/s
warm-up 31 ms
hashed:ttas    T=32  shards=4096 mix=80/10/10    132928512 ops    2001 ms     66.4 Mops/s
warm-up 33 ms
hashed:park    T=32  shards=16   mix=80/10/10      6964224 ops    2005 ms      3.5 Mops/s
warm-up 33 ms
hashed:park    T=32  shards=64   mix=80/10/10     17461248 ops    2002 ms      8.7 Mops/s
warm-up 34 ms
hashed:park    T=32  shards=256  mix=80/10/10     70344704 ops    2001 ms     35.1 Mops/s
warm-up 33 ms
hashed:park    T=32  shards=1024 mix=80/10/10    147674112 ops    2001 ms     73.8 Mops/s
warm-up 33 ms
hashed:park    T=32  shards=4096 mix=80/10/10    254132224 ops    2001 ms    127.0 Mops/s

========== PART 7: PADDING SWEEPS ==========

========== PART 7: PADDING PERF ==========

============================================================
FINISHED: Sun Oct  4 23:37:17 CDT 2026
Outputs are in: ../results/frontera
============================================================
../results/frontera/lscpu.txt
../results/frontera/part5_lock_sweep.txt
../results/frontera/part5_one_shard_mutex.txt
../results/frontera/part5_one_shard_park.txt
../results/frontera/part5_one_shard_tas.txt
../results/frontera/part5_one_shard_ticket.txt
../results/frontera/part5_one_shard_ttas.txt
../results/frontera/part5_oversub_mutex.txt
../results/frontera/part5_oversub_park.txt
../results/frontera/part5_oversub_tas.txt
../results/frontera/part5_oversub_ticket.txt
../results/frontera/part5_oversub_ttas.txt
../results/frontera/part5_shard_counts_park.txt
../results/frontera/part5_shard_counts_ttas.txt
../results/frontera/part6_rw_mix_100_0_0_shards_1.csv
../results/frontera/part6_rw_mix_100_0_0_shards_1.log
../results/frontera/part6_rw_mix_100_0_0_shards_4096.csv
../results/frontera/part6_rw_mix_100_0_0_shards_4096.log
../results/frontera/part6_rw_mix_50_25_25_shards_1.csv
../results/frontera/part6_rw_mix_50_25_25_shards_1.log
../results/frontera/part6_rw_mix_50_25_25_shards_4096.csv
../results/frontera/part6_rw_mix_50_25_25_shards_4096.log
../results/frontera/part6_rw_mix_80_10_10_shards_1.csv
../results/frontera/part6_rw_mix_80_10_10_shards_1.log
../results/frontera/part6_rw_mix_80_10_10_shards_4096.csv
../results/frontera/part6_rw_mix_80_10_10_shards_4096.log
../results/frontera/part6_rwp_mix_100_0_0_shards_1.csv
../results/frontera/part6_rwp_mix_100_0_0_shards_1.log
../results/frontera/part6_rwp_mix_100_0_0_shards_4096.csv
../results/frontera/part6_rwp_mix_100_0_0_shards_4096.log
../results/frontera/part6_rwp_mix_50_25_25_shards_1.csv
../results/frontera/part6_rwp_mix_50_25_25_shards_1.log
../results/frontera/part6_rwp_mix_50_25_25_shards_4096.csv
../results/frontera/part6_rwp_mix_50_25_25_shards_4096.log
../results/frontera/part6_rwp_mix_80_10_10_shards_1.csv
../results/frontera/part6_rwp_mix_80_10_10_shards_1.log
../results/frontera/part6_rwp_mix_80_10_10_shards_4096.csv
../results/frontera/part6_rwp_mix_80_10_10_shards_4096.log
../results/frontera/part6_shared_mutex_mix_100_0_0_shards_1.csv
../results/frontera/part6_shared_mutex_mix_100_0_0_shards_1.log
../results/frontera/part6_shared_mutex_mix_100_0_0_shards_4096.csv
../results/frontera/part6_shared_mutex_mix_100_0_0_shards_4096.log
../results/frontera/part6_shared_mutex_mix_50_25_25_shards_1.csv
../results/frontera/part6_shared_mutex_mix_50_25_25_shards_1.log
../results/frontera/part6_shared_mutex_mix_50_25_25_shards_4096.csv
../results/frontera/part6_shared_mutex_mix_50_25_25_shards_4096.log
../results/frontera/part6_shared_mutex_mix_80_10_10_shards_1.csv
../results/frontera/part6_shared_mutex_mix_80_10_10_shards_1.log
../results/frontera/part6_shared_mutex_mix_80_10_10_shards_4096.csv
../results/frontera/part6_shared_mutex_mix_80_10_10_shards_4096.log
../results/frontera/part6_ttas_mix_100_0_0_shards_1.csv
../results/frontera/part6_ttas_mix_100_0_0_shards_1.log
../results/frontera/part6_ttas_mix_100_0_0_shards_4096.csv
../results/frontera/part6_ttas_mix_100_0_0_shards_4096.log
../results/frontera/part6_ttas_mix_50_25_25_shards_1.csv
../results/frontera/part6_ttas_mix_50_25_25_shards_1.log
../results/frontera/part6_ttas_mix_50_25_25_shards_4096.csv
../results/frontera/part6_ttas_mix_50_25_25_shards_4096.log
../results/frontera/part6_ttas_mix_80_10_10_shards_1.csv
../results/frontera/part6_ttas_mix_80_10_10_shards_1.log
../results/frontera/part6_ttas_mix_80_10_10_shards_4096.csv
../results/frontera/part6_ttas_mix_80_10_10_shards_4096.log
../results/frontera/part6_writers4_rw_shards1.txt
../results/frontera/part6_writers4_rw_shards4096.txt
../results/frontera/part6_writers4_rwp_shards1.txt
../results/frontera/part6_writers4_rwp_shards4096.txt
../results/frontera/part6_writers4_shared_mutex_shards1.txt
../results/frontera/part6_writers4_shared_mutex_shards4096.txt
../results/frontera/part7_bucket_131072_bench.txt
../results/frontera/part7_bucket_131072_perf.txt
../results/frontera/part7_bucket_2048_bench.txt
../results/frontera/part7_bucket_2048_perf.txt
../results/frontera/part7_bucket_2097152_bench.txt
../results/frontera/part7_bucket_2097152_perf.txt
../results/frontera/part7_bucket_32768_bench.txt
../results/frontera/part7_bucket_32768_perf.txt
../results/frontera/part7_bucket_524288_bench.txt
../results/frontera/part7_bucket_524288_perf.txt
../results/frontera/part7_bucket_8192_bench.txt
../results/frontera/part7_bucket_8192_perf.txt
../results/frontera/part7_padding_hashed_ttas.csv
../results/frontera/part7_padding_hashed_ttas.log
../results/frontera/part7_padding_hashed_ttas_nopad.csv
../results/frontera/part7_padding_hashed_ttas_nopad.log
../results/frontera/part7_padding_perf_hashed_ttas.txt
../results/frontera/part7_padding_perf_hashed_ttas_nopad.txt
../results/frontera/part7_padding_sharded_ttas.csv
../results/frontera/part7_padding_sharded_ttas.log
../results/frontera/part7_padding_sharded_ttas_nopad.csv
../results/frontera/part7_padding_sharded_ttas_nopad.log
../results/frontera/part7_sharded_ttas_baseline.txt
../results/frontera/part7_stripe_counts_park.txt
../results/frontera/part7_stripe_counts_ttas.txt
../results/frontera/perf_check.txt
../results/frontera/sharded_mutex.csv
../results/frontera/sharded_park.csv
../results/frontera/sharded_tas.csv
../results/frontera/sharded_ticket.csv
../results/frontera/sharded_ttas.csv
